2026-05-21 10:56:26 | INFO | === APPLICATION STARTED ===
2026-05-21 10:57:35 | INFO | User selected: Acquire Evidence
2026-05-21 10:58:25 | INFO | User selected: Acquire Evidence
2026-05-21 11:16:52 | INFO | === APPLICATION STARTED ===
2026-05-21 11:18:14 | INFO | === APPLICATION STARTED ===
2026-05-21 11:19:46 | INFO | User selected: Acquire Evidence
2026-05-21 11:25:32 | INFO | === APPLICATION STARTED ===
2026-05-21 11:25:34 | INFO | User selected: Acquire Evidence
2026-05-21 11:27:18 | INFO | === APPLICATION STARTED ===
2026-05-21 11:27:21 | INFO | User selected: Acquire Evidence
2026-05-21 11:27:49 | INFO | === APPLICATION STARTED ===
2026-05-21 11:27:52 | INFO | User selected: Acquire Evidence
2026-05-21 11:28:47 | INFO | === APPLICATION STARTED ===
2026-05-21 11:28:49 | INFO | User selected: Acquire Evidence
2026-05-21 11:40:16 | INFO | Acquisition started | User: C:\Users\Mgeni | Path: C:\Users\Mgeni\AppData\Local\Google\Chrome\User Data\Default\History
2026-05-21 11:40:16 | INFO | History extracted: 7 records
2026-05-21 11:40:16 | INFO | Search terms extracted: 7 records
2026-05-21 11:40:16 | INFO | Caches extracted: 797 records
2026-05-21 11:40:16 | INFO | Downloads extracted: 2 records
2026-05-21 11:40:16 | INFO | Cookies extracted: 282 records
2026-05-21 11:40:16 | INFO | Logins data extracted: 3 records
2026-05-21 11:40:16 | INFO | Bookmarks extracted: 1 records
2026-05-21 11:40:16 | INFO | Sessions data extracted: 4 records
2026-05-21 11:40:16 | INFO | Autofills data extracted: 60 records
2026-05-21 11:40:16 | INFO | Signed-in accounts extracted: 0 records
2026-05-21 11:40:16 | INFO | Hash verification started..
2026-05-21 11:44:26 | INFO | User selected: Acquire Evidence
2026-05-21 11:45:04 | INFO | User selected: Acquire Evidence
2026-05-21 11:52:59 | INFO | === APPLICATION STARTED ===
2026-05-21 11:53:14 | INFO | User selected: Acquire Evidence
2026-05-21 12:18:03 | INFO | === APPLICATION STARTED ===
2026-05-21 12:21:49 | INFO | === APPLICATION STARTED ===
2026-05-21 12:22:29 | INFO | User selected: Acquire Evidence
2026-05-21 12:28:16 | INFO | === APPLICATION STARTED ===
2026-05-21 12:28:20 | INFO | User selected: Acquire Evidence
2026-05-21 12:29:31 | INFO | User selected: Acquire Evidence
2026-05-21 12:29:43 | INFO | User selected: Acquire Evidence
2026-05-21 12:40:10 | INFO | === APPLICATION STARTED ===
2026-05-21 12:40:12 | INFO | User selected: Acquire Evidence
2026-05-21 12:40:21 | INFO | Acquisition started | User: C:\Users\robot | Path: C:\Users\robot\AppData\Roaming\Mozilla\Firefox\Profiles\DXZj7CxP.Profile 3\places.sqlite
2026-05-21 12:40:21 | INFO | History extracted: 15 records
2026-05-21 12:40:21 | INFO | Search terms extracted: 15 records
2026-05-21 12:40:21 | INFO | Caches extracted: 0 records
2026-05-21 12:40:21 | INFO | Downloads extracted: 0 records
2026-05-21 12:40:21 | INFO | Cookies extracted: 16 records
2026-05-21 12:40:21 | INFO | Logins data extracted: 0 records
2026-05-21 12:40:21 | INFO | Bookmarks extracted: 4 records
2026-05-21 12:40:21 | INFO | Sessions data extracted: 1 records
2026-05-21 12:40:21 | INFO | Autofills data extracted: 1 records
2026-05-21 12:40:21 | INFO | Signed-in accounts extracted: 0 records
2026-05-21 12:42:10 | INFO | User selected: Acquire Evidence
